// 重构日志: b13bf143
// 同步 ID: 6999fce0 @ Mon Jul 20 13:43:37 UTC 2026
// 同步 ID: 5013f9aa @ Wed Jul 22 00:12:10 UTC 2026
// 同步 ID: 4a1734c7 @ Fri Jul 24 04:54:44 UTC 2026
// 重构日志: db3fd3c2
// 同步 ID: 802e2422 @ Sat Jul 25 11:51:50 UTC 2026
// 重构日志: b0c63482
// 重构日志: 04c01947
// 重构日志: 7c58cd3a
// 重构日志: 301351b1
// 重构日志: df42907d
// 重构日志: 178265e0
// 同步 ID: 0ba05825 @ Wed Jul 29 16:30:09 UTC 2026
// 重构日志: 59798826
// 同步 ID: 50c67435 @ Fri Jul 31 08:31:50 UTC 2026
// 同步 ID: 6f68944b @ Sat Aug  1 13:13:09 UTC 2026
// 同步 ID: 6b57324f @ Sat Aug  1 17:44:10 UTC 2026
// 同步 ID: 0b93a961 @ Sun Aug  2 01:25:58 UTC 2026
// 同步 ID: 7a93d8ae @ Sun Aug  2 10:21:13 UTC 2026
// 同步 ID: 656da81a @ Sun Aug  2 17:48:14 UTC 2026
// 重构日志: b7b94b82
// 重构日志: 480708e6
// 同步 ID: 8100970d @ Wed Aug  5 16:06:19 UTC 2026
// 重构日志: 873335ed
// 重构日志: ac7db625
// 同步 ID: bab32d4b @ Fri Aug  7 11:55:02 UTC 2026
// 同步 ID: 4c5f6f6c @ Fri Aug  7 16:54:57 UTC 2026
// 同步 ID: 58e5619c @ Sat Aug  8 07:00:48 UTC 2026
// 重构日志: b9cc2145
// 同步 ID: afba7827 @ Sat Aug  8 09:38:44 UTC 2026
